Circuit: * C:\Users\huytq0\Documents\LTspice_huytq0\Inverter.asc

Direct Newton iteration for .op point succeeded.

tpg=2.39315e-011 FROM 5e-011 TO 7.39315e-011
trise=3.40143e-011 FROM 5.07345e-009 TO 5.10746e-009
tfall=2.43845e-011 FROM 6.0469e-011 TO 8.48535e-011


Date: Mon Sep 11 15:13:20 2023
Total elapsed time: 0.070 seconds.

tnom = 27
temp = 27
method = modified trap
totiter = 2038
traniter = 2034
tranpoints = 909
accept = 829
rejected = 80
matrix size = 13
fillins = 0
solver = Normal
Matrix Compiler1: 960 bytes object code size  0.2/0.1/[0.1]
Matrix Compiler2: 1.32 KB object code size  0.1/0.2/[0.1]

